OziExplorer Map Data File Version 2.2
P-35,36 Петрозаводск-Хельсинки
P-35-36.jpg
1 ,Map Code,
Pulkovo 1942 (1),WGS 84,   0.0000,   0.0000,WGS 84
Reserved 1
Reserved 2
Magnetic Variation,,,E
Map Projection,Transverse Mercator,PolyCal,No,AutoCalOnly,No,BSBUseWPX,No
Point01,xy,  408,  156,in, deg,  64,      00,N,  24,       0,E, grid,   ,           ,           ,N
Point04,xy, 5358, 3659,in, deg,  60,       0,N,  36,       0,E, grid,   ,           ,           ,N
Point02,xy, 5034,  161,in, deg,  64,       0,N,  36,       0,E, grid,   ,           ,           ,N
Point03,xy,   81, 3660,in, deg,  60,       0,N,  24,       0,E, grid,   ,           ,           ,N
Point05,xy, 2723,  266,in, deg,  64,       0,N,  30,       0,E, grid,   ,           ,           ,N
Point06,xy, 2719, 3788,in, deg,  60,       0,N,  30,       0,E, grid,   ,           ,           ,N
Point07,xy,  246, 1909,in, deg,  62,       0,N,  24,       0,E, grid,   ,           ,           ,N
Point08,xy, 5195, 1911,in, deg,  62,       0,N,  36,       0,E, grid,   ,           ,           ,N
Point09,xy, 2721, 2027,in, deg,  62,       0,N,  30,       0,E, grid,   ,           ,           ,N
Point10,xy,     ,     ,in, deg,    ,        ,,    ,        ,, grid,   ,           ,           ,
Point11,xy,     ,     ,in, deg,    ,        ,,    ,        ,, grid,   ,           ,           ,
Point12,xy,     ,     ,in, deg,    ,        ,,    ,        ,, grid,   ,           ,           ,
Point13,xy,     ,     ,in, deg,    ,        ,,    ,        ,, grid,   ,           ,           ,
Point14,xy,     ,     ,in, deg,    ,        ,,    ,        ,, grid,   ,           ,           ,
Point15,xy,     ,     ,in, deg,    ,        ,,    ,        ,, grid,   ,           ,           ,
Point16,xy,     ,     ,in, deg,    ,        ,,    ,        ,, grid,   ,           ,           ,
Point17,xy,     ,     ,in, deg,    ,        ,,    ,        ,, grid,   ,           ,           ,
Point18,xy,     ,     ,in, deg,    ,        ,,    ,        ,, grid,   ,           ,           ,
Point19,xy,     ,     ,in, deg,    ,        ,,    ,        ,, grid,   ,           ,           ,
Point20,xy,     ,     ,in, deg,    ,        ,,    ,        ,, grid,   ,           ,           ,
Point21,xy,     ,     ,in, deg,    ,        ,,    ,        ,, grid,   ,           ,           ,
Point22,xy,     ,     ,in, deg,    ,        ,,    ,        ,, grid,   ,           ,           ,
Point23,xy,     ,     ,in, deg,    ,        ,,    ,        ,, grid,   ,           ,           ,
Point24,xy,     ,     ,in, deg,    ,        ,,    ,        ,, grid,   ,           ,           ,
Point25,xy,     ,     ,in, deg,    ,        ,,    ,        ,, grid,   ,           ,           ,
Point26,xy,     ,     ,in, deg,    ,        ,,    ,        ,, grid,   ,           ,           ,
Point27,xy,     ,     ,in, deg,    ,        ,,    ,        ,, grid,   ,           ,           ,
Point28,xy,     ,     ,in, deg,    ,        ,,    ,        ,, grid,   ,           ,           ,
Point29,xy,     ,     ,in, deg,    ,        ,,    ,        ,, grid,   ,           ,           ,
Point30,xy,     ,     ,in, deg,    ,        ,,    ,        ,, grid,   ,           ,           ,
Projection Setup,    0.000000000,   27.000000000,    1.000000000,      500000.00,           0.00,,,,,
Map Feature = MF ; Map Comment = MC     These follow if they exist
Track File = TF      These follow if they exist
Moving Map Parameters = MM?    These follow if they exist
MM0,Yes
MMPNUM,4
MMPXY,1,408,156
MMPXY,2,5034,161
MMPXY,3,5358,3659
MMPXY,4,81,3660
MMPLL,1,  24.000000,  64.000000
MMPLL,2,  36.000000,  64.000000
MMPLL,3,  36.000000,  60.000000
MMPLL,4,  24.000000,  60.000000
MM1B,127.164553
MOP,Map Open Position,0,0
IWH,Map Image Width/Height,5438,3920
